14:02:45 **** Incremental Build of configuration Debug for project Hello ****
make all 
make --no-print-directory pre-build
a9-linaro-pre-build-step
 
make --no-print-directory main-build
Building file: ../src/platform.c
Invoking: ARM v7 gcc compiler
arm-none-eabi-gcc -Wall -O0 -g3 -c -fmessage-length=0 -MT"src/platform.o" -mcpu=cortex-a9 -mfpu=vfpv3 -mfloat-abi=hard -I/home/shahamz/FinalProject/AnalogDevicesRepo/no-OS/projects/fmcdaq2/build/ZC706/export/ZC706/sw/ZC706/standalone_domain/bspinclude/include -MMD -MP -MF"src/platform.d" -MT"src/platform.o" -o "src/platform.o" "../src/platform.c"
Finished building: ../src/platform.c
 
Building target: Hello.elf
Invoking: ARM v7 gcc linker
arm-none-eabi-gcc -mcpu=cortex-a9 -mfpu=vfpv3 -mfloat-abi=hard -Wl,-build-id=none -specs=Xilinx.spec -Wl,-T -Wl,../src/lscript.ld -L/home/shahamz/FinalProject/AnalogDevicesRepo/no-OS/projects/fmcdaq2/build/ZC706/export/ZC706/sw/ZC706/standalone_domain/bsplib/lib -o "Hello.elf"  ./src/helloworld.o ./src/platform.o   -Wl,--start-group,-lxil,-lgcc,-lc,--end-group -Wl,--start-group,-lxil,-lmetal,-lgcc,-lc,--end-group
Finished building target: Hello.elf
 
Invoking: ARM v7 Print Size
arm-none-eabi-size Hello.elf  |tee "Hello.elf.size"
   text	   data	    bss	    dec	    hex	filename
  21604	  12128	  22568	  56300	   dbec	Hello.elf
Finished building: Hello.elf.size
 

14:02:45 Build Finished (took 273ms)

